carrier: dpd
date: null
deliveryType: pickup
packageType: package
isPickup: true
pickupLocation:
    location_name: 'DPD Pakketshop'
    location_code: DPD-12
    retail_network_id: '123'
    street: Deepeedee
    number: '12'
    postal_code: 1212DP
    city: Hoofddorp
    cc: null
shipmentOptions:
    signature: null
    insurance: null
    age_check: null
    only_recipient: null
    return: null
    same_day_delivery: null
    large_format: null
    label_description: null
    hide_sender: null
    extra_assurance: null
