carrier: dpd
labelAmount: 1
pickupLocation:
    postal_code: 1212DP
    street: Deepeedee
    number: '12'
    city: Hoofddorp
    location_code: DPD-12
    location_name: 'DPD Pakketshop'
    cc: null
    retail_network_id: '123'
shipmentOptions:
    signature: null
    insurance: null
    age_check: null
    only_recipient: null
    return: null
    same_day_delivery: null
    large_format: null
    label_description: null
    hide_sender: null
    extra_assurance: null
deliveryType: pickup
packageType: package
isPickup: true
date: null
