{
    "meta": {
        "_myparcelnl_order_data": {
            "apiIdentifier": "f146efee-a7e2-47cc-9369-e1b65a37aff9",
            "exported": true
        },
        "_myparcelnl_order_shipments": [],
        "_myparcelnl_version": "4.99.9",
        "_myparcelnl_migrated": [
            "5.0.0"
        ]
    },
    "pdkOrder": {
        "apiIdentifier": "f146efee-a7e2-47cc-9369-e1b65a37aff9",
        "exported": true,
        "deliveryOptions": {
            "carrier": {
                "externalIdentifier": "postnl"
            },
            "labelAmount": 1,
            "shipmentOptions": {
                "insurance": -1,
                "ageCheck": -1,
                "return": -1,
                "hideSender": -1,
                "largeFormat": -1,
                "onlyRecipient": -1,
                "receiptCode": -1,
                "sameDayDelivery": -1,
                "signature": -1,
                "tracked": -1,
                "collect": -1
            },
            "deliveryType": "standard",
            "packageType": "package"
        }
    },
    "shipments": []
}
