{
  "externalIdentifier": "1",
  "deliveryOptions": {
    "carrier": "dhlforyou",
    "date": "2024-12-31 12:00:00",
    "labelAmount": 1,
    "pickupLocation": null,
    "shipmentOptions": {
      "ageCheck": null,
      "insurance": null,
      "labelDescription": "ORDER_NR: 1",
      "largeFormat": null,
      "onlyRecipient": null,
      "return": null,
      "sameDayDelivery": null,
      "signature": true
    },
    "deliveryType": "morning",
    "packageType": "package"
  },
  "senderAddress": null,
  "billingAddress": {
    "address1": "Antareslaan 31",
    "address2": "",
    "area": null,
    "cc": "NL",
    "city": "Hoofddorp",
    "postalCode": "2132 JE",
    "region": "",
    "state": "",
    "email": "test@myparcel.nl",
    "phone": "0612345678",
    "person": "John Doe",
    "company": "MyParcel"
  },
  "shippingAddress": {
    "address1": "Antareslaan 31",
    "address2": "",
    "area": null,
    "cc": "NL",
    "city": "Hoofddorp",
    "postalCode": "2132 JE",
    "region": "",
    "state": "",
    "eoriNumber": null,
    "vatNumber": null,
    "email": "test@myparcel.nl",
    "phone": "0612345678",
    "person": "John Doe",
    "company": "MyParcel"
  },
  "shipments": [],
  "lines": [
    {
      "quantity": 2,
      "price": 100000,
      "vat": 0,
      "priceAfterVat": 100000,
      "product": {
        "externalIdentifier": "3214",
        "sku": "WVS-0001",
        "ean": null,
        "isDeliverable": true,
        "name": "Test product",
        "price": {
          "amount": 50000,
          "currency": "EUR"
        },
        "weight": 1000000,
        "length": 100,
        "width": 80,
        "height": 50,
        "settings": {
          "id": "product",
          "countryOfOrigin": "NL",
          "customsCode": "1234",
          "disableDeliveryOptions": -1,
          "dropOffDelay": 1,
          "exportAgeCheck": -1,
          "exportInsurance": -1,
          "exportLargeFormat": -1,
          "exportOnlyRecipient": -1,
          "exportReturn": -1,
          "exportSignature": -1,
          "fitInMailbox": 4,
          "packageType": "mailbox"
        }
      }
    },
    {
      "quantity": 1,
      "price": 100000,
      "vat": 0,
      "priceAfterVat": 100000,
      "product": null
    },
    {
      "quantity": 2,
      "price": 100000,
      "vat": 0,
      "priceAfterVat": 100000,
      "product": {
        "externalIdentifier": "2324",
        "sku": "WVS-0002",
        "ean": null,
        "isDeliverable": false,
        "name": "Test digital product",
        "price": {
          "amount": 0,
          "currency": "EUR"
        },
        "weight": 0,
        "length": 0,
        "width": 0,
        "height": 0,
        "settings": {
          "id": "product",
          "countryOfOrigin": "NL",
          "customsCode": "0000",
          "disableDeliveryOptions": -1,
          "dropOffDelay": 0,
          "exportAgeCheck": -1,
          "exportInsurance": -1,
          "exportLargeFormat": -1,
          "exportOnlyRecipient": -1,
          "exportReturn": -1,
          "exportSignature": -1,
          "fitInMailbox": 0,
          "packageType": "package"
        }
      }
    }
  ],
  "customsDeclaration": null,
  "physicalProperties": {
    "height": null,
    "length": null,
    "weight": 2000,
    "width": null
  },
  "orderDate": "2021-01-01 18:03:41",
  "exported": false,
  "shipmentPrice": 0,
  "shipmentPriceAfterVat": 0,
  "shipmentVat": 0,
  "orderPrice": 500000,
  "orderPriceAfterVat": 500000,
  "orderVat": 0,
  "totalPrice": 500000,
  "totalVat": 0,
  "totalPriceAfterVat": 500000
}
