{
  "externalIdentifier": null,
  "deliveryOptions": {
    "carrier": {
      "externalIdentifier": "postnl",
      "id": 1,
      "name": "postnl",
      "human": "PostNL",
      "subscriptionId": null,
      "enabled": false,
      "isDefault": true,
      "label": null,
      "optional": false,
      "primary": false,
      "type": "main",
      "capabilities": {
        "deliveryTypes": ["morning", "standard", "evening", "pickup"],
        "features": {
          "labelDescriptionLength": 45
        },
        "packageTypes": ["package", "mailbox", "letter", "digital_stamp"],
        "shipmentOptions": {
          "ageCheck": true,
          "largeFormat": true,
          "onlyRecipient": true,
          "return": true,
          "sameDayDelivery": true,
          "signature": true,
          "insurance": [
            0, 10000, 25000, 50000, 100000, 150000, 200000, 250000, 300000,
            350000, 400000, 450000, 500000
          ]
        }
      },
      "returnCapabilities": {
        "deliveryTypes": ["standard"],
        "features": {
          "labelDescriptionLength": 45
        },
        "packageTypes": ["package"],
        "shipmentOptions": {
          "signature": true,
          "insurance": [
            0, 10000, 25000, 50000, 100000, 150000, 200000, 250000, 300000,
            350000, 400000, 450000, 500000
          ],
          "return": true,
          "ageCheck": true,
          "onlyRecipient": true,
          "sameDayDelivery": true,
          "largeFormat": true
        }
      }
    },
    "date": null,
    "labelAmount": 1,
    "pickupLocation": null,
    "shipmentOptions": {
      "ageCheck": null,
      "insurance": null,
      "labelDescription": null,
      "largeFormat": null,
      "onlyRecipient": null,
      "return": null,
      "sameDayDelivery": null,
      "signature": null
    },
    "deliveryType": "standard",
    "packageType": "package"
  },
  "senderAddress": null,
  "billingAddress": null,
  "shippingAddress": {
    "address1": null,
    "address2": null,
    "area": null,
    "cc": null,
    "city": null,
    "postalCode": null,
    "region": null,
    "state": null,
    "eoriNumber": null,
    "vatNumber": null,
    "email": null,
    "phone": null,
    "person": null,
    "company": null
  },
  "shipments": [],
  "lines": [],
  "customsDeclaration": null,
  "physicalProperties": {
    "height": null,
    "length": null,
    "weight": 0,
    "width": null
  },
  "orderDate": null,
  "exported": false,
  "shipmentPrice": 0,
  "shipmentPriceAfterVat": 0,
  "shipmentVat": 0,
  "orderPrice": 0,
  "orderPriceAfterVat": 0,
  "orderVat": 0,
  "totalPrice": 0,
  "totalVat": 0,
  "totalPriceAfterVat": 0
}
