{
  "meta": [
    {
      "id": 0,
      "key": "_myparcel_country_of_origin_variation",
      "value": "AD"
    },
    {
      "id": 0,
      "key": "_myparcel_hs_code_variation",
      "value": "5432"
    },
    {
      "id": 0,
      "key": "_virtual",
      "value": "no"
    },
    {
      "id": 0,
      "key": "_weight",
      "value": 0.3
    },
    {
      "id": 0,
      "key": "_myparcelnl_product_settings",
      "value": {
        "countryOfOrigin": "AD",
        "customsCode": "5432",
        "disableDeliveryOptions": -1,
        "dropOffDelay": -1,
        "exportAgeCheck": -1,
        "exportHideSender": -1,
        "exportInsurance": -1,
        "exportLargeFormat": -1,
        "exportOnlyRecipient": -1,
        "exportReturn": -1,
        "exportSignature": -1,
        "fitInDigitalStamp": 1000,
        "fitInMailbox": 1000,
        "packageType": "digital_stamp"
      }
    },
    {
      "id": 0,
      "key": "_myparcelnl_migrated",
      "value": ["5.0.0-alpha.1"]
    }
  ],
  "product": {
    "id": "product",
    "countryOfOrigin": "AD",
    "customsCode": "5432",
    "disableDeliveryOptions": -1,
    "dropOffDelay": -1,
    "exportAgeCheck": -1,
    "exportHideSender": -1,
    "exportInsurance": -1,
    "exportLargeFormat": -1,
    "exportOnlyRecipient": -1,
    "exportReturn": -1,
    "exportSignature": -1,
    "fitInDigitalStamp": 1000,
    "fitInMailbox": 1000,
    "packageType": "digital_stamp"
  },
  "parentProduct": {
    "id": "product",
    "countryOfOrigin": -1,
    "customsCode": -1,
    "disableDeliveryOptions": -1,
    "dropOffDelay": -1,
    "exportAgeCheck": -1,
    "exportHideSender": -1,
    "exportInsurance": -1,
    "exportLargeFormat": -1,
    "exportOnlyRecipient": -1,
    "exportReturn": -1,
    "exportSignature": -1,
    "fitInDigitalStamp": -1,
    "fitInMailbox": -1,
    "packageType": -1
  }
}
