{
  "account": {
    "id": "account",
    "apiKey": "b183f9372d6f9bd050418e31cc40965360ca814d",
    "apiKeyValid": true
  },
  "order": {
    "id": "order",
    "barcodeInNote": true,
    "barcodeInNoteTitle": "T&T:",
    "conceptShipments": true,
    "emptyDigitalStampWeight": 200,
    "emptyMailboxWeight": 0,
    "emptyParcelWeight": 1100,
    "emptyPackageSmallWeight": 0,
    "orderMode": false,
    "processDirectly": "-1",
    "saveCustomerAddress": true,
    "sendNotificationAfter": -1,
    "sendReturnEmail": false,
    "shareCustomerInformation": true,
    "statusOnLabelCreate": "wc-processed",
    "statusWhenDelivered": -1,
    "statusWhenLabelScanned": -1,
    "trackTraceInAccount": true,
    "trackTraceInEmail": true
  },
  "label": {
    "id": "label",
    "description": "[ORDER_ID]- [PRODUCT_NAME] - [PRODUCT_ID]- test",
    "format": "a6",
    "output": "open",
    "position": [1, 2, 3, 4],
    "prompt": true
  },
  "customs": {
    "id": "customs",
    "countryOfOrigin": "NL",
    "customsCode": "1234",
    "packageContents": "2"
  },
  "checkout": {
    "id": "checkout",
    "allowedShippingMethods": [
      "flat_rate:32",
      "flat_rate:3",
      "free_shipping:1",
      "local_pickup:1",
      "table_rate:5",
      "flat_rate:30",
      "flat_rate:33",
      "flat_rate:31"
    ],
    "deliveryOptionsCustomCss": "/* Storefront preset */",
    "deliveryOptionsHeader": "Kop",
    "deliveryOptionsPosition": "woocommerce_after_checkout_billing_form",
    "pickupLocationsDefaultView": "map",
    "priceType": "included",
    "enableDeliveryOptions": true,
    "enableDeliveryOptionsWhenNotInStock": true,
    "useSeparateAddressFields": true
  },
  "carrier": {
    "postnl": {
      "id": "postnl",
      "carrierName": null,
      "allowDeliveryOptions": true,
      "allowStandardDelivery": false,
      "allowEveningDelivery": true,
      "allowMondayDelivery": true,
      "allowMorningDelivery": true,
      "allowOnlyRecipient": true,
      "allowPickupLocations": true,
      "allowSameDayDelivery": false,
      "allowSaturdayDelivery": false,
      "allowSignature": true,
      "cutoffTime": "16:00",
      "cutoffTimeSameDay": "10:00",
      "defaultPackageType": "package",
      "deliveryDaysWindow": 5,
      "deliveryOptionsEnabled": false,
      "deliveryOptionsEnabledForBackorders": false,
      "digitalStampDefaultWeight": 10,
      "dropOffDelay": 0,
      "dropOffPossibilities": {
        "dropOffDays": [
          {
            "cutoffTime": "16:00",
            "date": null,
            "dispatch": true,
            "sameDayCutoffTime": null,
            "weekday": 1
          },
          {
            "cutoffTime": "16:00",
            "date": null,
            "dispatch": false,
            "sameDayCutoffTime": null,
            "weekday": 2
          },
          {
            "cutoffTime": "16:00",
            "date": null,
            "dispatch": true,
            "sameDayCutoffTime": null,
            "weekday": 3
          },
          {
            "cutoffTime": "16:00",
            "date": null,
            "dispatch": true,
            "sameDayCutoffTime": null,
            "weekday": 4
          },
          {
            "cutoffTime": "16:00",
            "date": null,
            "dispatch": true,
            "sameDayCutoffTime": null,
            "weekday": 5
          },
          {
            "cutoffTime": "14:00",
            "date": null,
            "dispatch": true,
            "sameDayCutoffTime": null,
            "weekday": 6
          },
          {
            "cutoffTime": "16:00",
            "date": null,
            "dispatch": false,
            "sameDayCutoffTime": null,
            "weekday": 0
          }
        ],
        "dropOffDaysDeviations": []
      },
      "exportAgeCheck": true,
      "exportHideSender": false,
      "exportInsurance": true,
      "exportInsuranceFromAmount": 1000,
      "exportInsurancePricePercentage": 100,
      "exportInsuranceUpTo": 250000,
      "exportInsuranceUpToEu": 50000,
      "exportInsuranceUpToRow": 0,
      "exportInsuranceUpToUnique": 0,
      "exportLargeFormat": true,
      "exportOnlyRecipient": true,
      "exportReturn": true,
      "exportReturnLargeFormat": false,
      "exportReturnPackageType": "package",
      "exportSignature": true,
      "priceDeliveryTypeEvening": 100,
      "priceDeliveryTypeMonday": 0,
      "priceDeliveryTypeMorning": 200,
      "priceDeliveryTypePickup": -150,
      "priceDeliveryTypeSameDay": 0,
      "priceDeliveryTypeSaturday": 0,
      "priceDeliveryTypeStandard": 59500,
      "priceOnlyRecipient": 200,
      "pricePackageTypeDigitalStamp": 0,
      "pricePackageTypeMailbox": 0,
      "priceSignature": 25
    },
    "dhlforyou": {
      "id": "dhlforyou",
      "carrierName": null,
      "allowDeliveryOptions": true,
      "allowStandardDelivery": false,
      "allowEveningDelivery": false,
      "allowMondayDelivery": false,
      "allowMorningDelivery": false,
      "allowOnlyRecipient": true,
      "allowPickupLocations": true,
      "allowSameDayDelivery": false,
      "allowSaturdayDelivery": false,
      "allowSignature": true,
      "cutoffTime": "16:00",
      "cutoffTimeSameDay": "10:00",
      "defaultPackageType": "package",
      "deliveryDaysWindow": 7,
      "deliveryOptionsEnabled": false,
      "deliveryOptionsEnabledForBackorders": false,
      "digitalStampDefaultWeight": 0,
      "dropOffDelay": 0,
      "dropOffPossibilities": {
        "dropOffDays": [
          {
            "cutoffTime": "11:00",
            "date": null,
            "dispatch": true,
            "sameDayCutoffTime": null,
            "weekday": 1
          },
          {
            "cutoffTime": "11:00",
            "date": null,
            "dispatch": true,
            "sameDayCutoffTime": null,
            "weekday": 2
          },
          {
            "cutoffTime": "11:00",
            "date": null,
            "dispatch": true,
            "sameDayCutoffTime": null,
            "weekday": 3
          },
          {
            "cutoffTime": "11:00",
            "date": null,
            "dispatch": true,
            "sameDayCutoffTime": null,
            "weekday": 4
          },
          {
            "cutoffTime": "11:00",
            "date": null,
            "dispatch": true,
            "sameDayCutoffTime": null,
            "weekday": 5
          },
          {
            "cutoffTime": "11:00",
            "date": null,
            "dispatch": true,
            "sameDayCutoffTime": null,
            "weekday": 6
          },
          {
            "cutoffTime": "11:00",
            "date": null,
            "dispatch": true,
            "sameDayCutoffTime": null,
            "weekday": 0
          }
        ],
        "dropOffDaysDeviations": []
      },
      "exportAgeCheck": false,
      "exportHideSender": false,
      "exportInsurance": false,
      "exportInsuranceFromAmount": 0,
      "exportInsurancePricePercentage": 100,
      "exportInsuranceUpTo": 50000,
      "exportInsuranceUpToEu": 0,
      "exportInsuranceUpToRow": 0,
      "exportInsuranceUpToUnique": 0,
      "exportLargeFormat": false,
      "exportOnlyRecipient": false,
      "exportReturn": false,
      "exportReturnLargeFormat": false,
      "exportReturnPackageType": "package",
      "exportSignature": false,
      "priceDeliveryTypeEvening": 0,
      "priceDeliveryTypeMonday": 0,
      "priceDeliveryTypeMorning": 0,
      "priceDeliveryTypePickup": 1000,
      "priceDeliveryTypeSameDay": 0,
      "priceDeliveryTypeSaturday": 0,
      "priceDeliveryTypeStandard": 500,
      "priceOnlyRecipient": 100,
      "pricePackageTypeDigitalStamp": 0,
      "pricePackageTypeMailbox": 0,
      "priceSignature": 23400
    },
    "dhlparcelconnect": {
      "id": "dhlparcelconnect",
      "carrierName": null,
      "allowDeliveryOptions": true,
      "allowStandardDelivery": false,
      "allowEveningDelivery": false,
      "allowMondayDelivery": false,
      "allowMorningDelivery": false,
      "allowOnlyRecipient": false,
      "allowPickupLocations": true,
      "allowSameDayDelivery": false,
      "allowSaturdayDelivery": false,
      "allowSignature": true,
      "cutoffTime": "16:00",
      "cutoffTimeSameDay": "10:00",
      "defaultPackageType": "package",
      "deliveryDaysWindow": 7,
      "deliveryOptionsEnabled": false,
      "deliveryOptionsEnabledForBackorders": false,
      "digitalStampDefaultWeight": 0,
      "dropOffDelay": 0,
      "dropOffPossibilities": {
        "dropOffDays": [
          {
            "cutoffTime": "17:00",
            "date": null,
            "dispatch": true,
            "sameDayCutoffTime": null,
            "weekday": 1
          },
          {
            "cutoffTime": "17:00",
            "date": null,
            "dispatch": true,
            "sameDayCutoffTime": null,
            "weekday": 2
          },
          {
            "cutoffTime": "17:00",
            "date": null,
            "dispatch": true,
            "sameDayCutoffTime": null,
            "weekday": 3
          },
          {
            "cutoffTime": "17:00",
            "date": null,
            "dispatch": true,
            "sameDayCutoffTime": null,
            "weekday": 4
          },
          {
            "cutoffTime": "17:00",
            "date": null,
            "dispatch": true,
            "sameDayCutoffTime": null,
            "weekday": 5
          },
          {
            "cutoffTime": "17:00",
            "date": null,
            "dispatch": false,
            "sameDayCutoffTime": null,
            "weekday": 6
          },
          {
            "cutoffTime": "17:00",
            "date": null,
            "dispatch": false,
            "sameDayCutoffTime": null,
            "weekday": 0
          }
        ],
        "dropOffDaysDeviations": []
      },
      "exportAgeCheck": false,
      "exportHideSender": false,
      "exportInsurance": true,
      "exportInsuranceFromAmount": 10000,
      "exportInsurancePricePercentage": 100,
      "exportInsuranceUpTo": 0,
      "exportInsuranceUpToEu": 150000,
      "exportInsuranceUpToRow": 0,
      "exportInsuranceUpToUnique": 0,
      "exportLargeFormat": false,
      "exportOnlyRecipient": false,
      "exportReturn": false,
      "exportReturnLargeFormat": false,
      "exportReturnPackageType": "package",
      "exportSignature": false,
      "priceDeliveryTypeEvening": 0,
      "priceDeliveryTypeMonday": 0,
      "priceDeliveryTypeMorning": 0,
      "priceDeliveryTypePickup": -100,
      "priceDeliveryTypeSameDay": 0,
      "priceDeliveryTypeSaturday": 0,
      "priceDeliveryTypeStandard": 0,
      "priceOnlyRecipient": 0,
      "pricePackageTypeDigitalStamp": 0,
      "pricePackageTypeMailbox": 0,
      "priceSignature": 6600
    },
    "dhleuroplus": {
      "id": "dhleuroplus",
      "carrierName": null,
      "allowDeliveryOptions": false,
      "allowStandardDelivery": false,
      "allowEveningDelivery": false,
      "allowMondayDelivery": false,
      "allowMorningDelivery": false,
      "allowOnlyRecipient": false,
      "allowPickupLocations": false,
      "allowSameDayDelivery": false,
      "allowSaturdayDelivery": false,
      "allowSignature": false,
      "cutoffTime": "16:00",
      "cutoffTimeSameDay": "10:00",
      "defaultPackageType": "package",
      "deliveryDaysWindow": 7,
      "deliveryOptionsEnabled": false,
      "deliveryOptionsEnabledForBackorders": false,
      "digitalStampDefaultWeight": 0,
      "dropOffDelay": 0,
      "dropOffPossibilities": {
        "dropOffDays": [
          {
            "cutoffTime": null,
            "date": null,
            "dispatch": false,
            "sameDayCutoffTime": null,
            "weekday": 1
          },
          {
            "cutoffTime": null,
            "date": null,
            "dispatch": false,
            "sameDayCutoffTime": null,
            "weekday": 2
          },
          {
            "cutoffTime": null,
            "date": null,
            "dispatch": false,
            "sameDayCutoffTime": null,
            "weekday": 3
          },
          {
            "cutoffTime": null,
            "date": null,
            "dispatch": false,
            "sameDayCutoffTime": null,
            "weekday": 4
          },
          {
            "cutoffTime": null,
            "date": null,
            "dispatch": false,
            "sameDayCutoffTime": null,
            "weekday": 5
          },
          {
            "cutoffTime": null,
            "date": null,
            "dispatch": false,
            "sameDayCutoffTime": null,
            "weekday": 6
          },
          {
            "cutoffTime": null,
            "date": null,
            "dispatch": false,
            "sameDayCutoffTime": null,
            "weekday": 0
          }
        ],
        "dropOffDaysDeviations": []
      },
      "exportAgeCheck": false,
      "exportHideSender": false,
      "exportInsurance": false,
      "exportInsuranceFromAmount": 0,
      "exportInsurancePricePercentage": 100,
      "exportInsuranceUpTo": 0,
      "exportInsuranceUpToEu": 0,
      "exportInsuranceUpToRow": 0,
      "exportInsuranceUpToUnique": 0,
      "exportLargeFormat": false,
      "exportOnlyRecipient": false,
      "exportReturn": false,
      "exportReturnLargeFormat": false,
      "exportReturnPackageType": "package",
      "exportSignature": false,
      "priceDeliveryTypeEvening": 0,
      "priceDeliveryTypeMonday": 0,
      "priceDeliveryTypeMorning": 0,
      "priceDeliveryTypePickup": 0,
      "priceDeliveryTypeSameDay": 0,
      "priceDeliveryTypeSaturday": 0,
      "priceDeliveryTypeStandard": 0,
      "priceOnlyRecipient": 0,
      "pricePackageTypeDigitalStamp": 0,
      "pricePackageTypeMailbox": 0,
      "priceSignature": 0
    }
  }
}
