{
  "account": {
    "id": "account",
    "apiKey": null,
    "apiKeyValid": true
  },
  "order": {
    "id": "order",
    "barcodeInNote": false,
    "barcodeInNoteTitle": null,
    "conceptShipments": true,
    "emptyDigitalStampWeight": 0,
    "emptyMailboxWeight": 0,
    "emptyParcelWeight": 0,
    "emptyPackageSmallWeight": 0,
    "orderMode": false,
    "processDirectly": "-1",
    "saveCustomerAddress": false,
    "sendNotificationAfter": -1,
    "sendReturnEmail": false,
    "shareCustomerInformation": false,
    "statusOnLabelCreate": -1,
    "statusWhenDelivered": -1,
    "statusWhenLabelScanned": -1,
    "trackTraceInAccount": false,
    "trackTraceInEmail": false
  },
  "label": {
    "id": "label",
    "description": null,
    "format": "a4",
    "output": "open",
    "position": [1, 2, 3, 4],
    "prompt": false
  },
  "customs": {
    "id": "customs",
    "countryOfOrigin": null,
    "customsCode": "000000",
    "packageContents": "1"
  },
  "checkout": {
    "id": "checkout",
    "allowedShippingMethods": [],
    "deliveryOptionsCustomCss": null,
    "deliveryOptionsHeader": null,
    "deliveryOptionsPosition": null,
    "pickupLocationsDefaultView": null,
    "priceType": "included",
    "enableDeliveryOptions": true,
    "enableDeliveryOptionsWhenNotInStock": true,
    "useSeparateAddressFields": false
  },
  "carrier": {
    "postnl": {
      "id": "postnl",
      "carrierName": null,
      "allowDeliveryOptions": false,
      "allowEveningDelivery": false,
      "allowMondayDelivery": false,
      "allowMorningDelivery": false,
      "allowOnlyRecipient": false,
      "allowPickupLocations": false,
      "allowSameDayDelivery": false,
      "allowSaturdayDelivery": false,
      "allowSignature": false,
      "cutoffTime": "16:00",
      "cutoffTimeSameDay": "10:00",
      "defaultPackageType": "package",
      "deliveryDaysWindow": 7,
      "deliveryOptionsEnabled": false,
      "deliveryOptionsEnabledForBackorders": false,
      "digitalStampDefaultWeight": 0,
      "dropOffDelay": 0,
      "dropOffPossibilities": {
        "dropOffDays": [
          {
            "cutoffTime": null,
            "date": null,
            "dispatch": false,
            "sameDayCutoffTime": null,
            "weekday": 1
          },
          {
            "cutoffTime": null,
            "date": null,
            "dispatch": false,
            "sameDayCutoffTime": null,
            "weekday": 2
          },
          {
            "cutoffTime": null,
            "date": null,
            "dispatch": false,
            "sameDayCutoffTime": null,
            "weekday": 3
          },
          {
            "cutoffTime": null,
            "date": null,
            "dispatch": false,
            "sameDayCutoffTime": null,
            "weekday": 4
          },
          {
            "cutoffTime": null,
            "date": null,
            "dispatch": false,
            "sameDayCutoffTime": null,
            "weekday": 5
          },
          {
            "cutoffTime": null,
            "date": null,
            "dispatch": false,
            "sameDayCutoffTime": null,
            "weekday": 6
          },
          {
            "cutoffTime": null,
            "date": null,
            "dispatch": false,
            "sameDayCutoffTime": null,
            "weekday": 0
          }
        ],
        "dropOffDaysDeviations": []
      },
      "exportAgeCheck": false,
      "exportHideSender": false,
      "exportInsurance": false,
      "exportInsuranceFromAmount": 0,
      "exportInsurancePricePercentage": 100,
      "exportInsuranceUpTo": 0,
      "exportInsuranceUpToEu": 0,
      "exportInsuranceUpToRow": 0,
      "exportInsuranceUpToUnique": 0,
      "exportLargeFormat": false,
      "exportOnlyRecipient": false,
      "exportReturn": false,
      "exportReturnLargeFormat": false,
      "exportReturnPackageType": "package",
      "exportSignature": false,
      "priceDeliveryTypeEvening": 0,
      "priceDeliveryTypeMonday": 0,
      "priceDeliveryTypeMorning": 0,
      "priceDeliveryTypePickup": 0,
      "priceDeliveryTypeSameDay": 0,
      "priceDeliveryTypeSaturday": 0,
      "priceDeliveryTypeStandard": 0,
      "priceOnlyRecipient": 0,
      "pricePackageTypeDigitalStamp": 0,
      "pricePackageTypeMailbox": 0,
      "priceSignature": 0,
      "showDeliveryDay": true
    },
    "dhlforyou": {
      "id": "dhlforyou",
      "carrierName": null,
      "allowDeliveryOptions": false,
      "allowEveningDelivery": false,
      "allowMondayDelivery": false,
      "allowMorningDelivery": false,
      "allowOnlyRecipient": false,
      "allowPickupLocations": false,
      "allowSameDayDelivery": false,
      "allowSaturdayDelivery": false,
      "allowSignature": false,
      "cutoffTime": "16:00",
      "cutoffTimeSameDay": "10:00",
      "defaultPackageType": "package",
      "deliveryDaysWindow": 7,
      "deliveryOptionsEnabled": false,
      "deliveryOptionsEnabledForBackorders": false,
      "digitalStampDefaultWeight": 0,
      "dropOffDelay": 0,
      "dropOffPossibilities": {
        "dropOffDays": [
          {
            "cutoffTime": null,
            "date": null,
            "dispatch": false,
            "sameDayCutoffTime": null,
            "weekday": 1
          },
          {
            "cutoffTime": null,
            "date": null,
            "dispatch": false,
            "sameDayCutoffTime": null,
            "weekday": 2
          },
          {
            "cutoffTime": null,
            "date": null,
            "dispatch": false,
            "sameDayCutoffTime": null,
            "weekday": 3
          },
          {
            "cutoffTime": null,
            "date": null,
            "dispatch": false,
            "sameDayCutoffTime": null,
            "weekday": 4
          },
          {
            "cutoffTime": null,
            "date": null,
            "dispatch": false,
            "sameDayCutoffTime": null,
            "weekday": 5
          },
          {
            "cutoffTime": null,
            "date": null,
            "dispatch": false,
            "sameDayCutoffTime": null,
            "weekday": 6
          },
          {
            "cutoffTime": null,
            "date": null,
            "dispatch": false,
            "sameDayCutoffTime": null,
            "weekday": 0
          }
        ],
        "dropOffDaysDeviations": []
      },
      "exportAgeCheck": false,
      "exportHideSender": false,
      "exportInsurance": false,
      "exportInsuranceFromAmount": 0,
      "exportInsurancePricePercentage": 100,
      "exportInsuranceUpTo": 0,
      "exportInsuranceUpToEu": 0,
      "exportInsuranceUpToRow": 0,
      "exportInsuranceUpToUnique": 0,
      "exportLargeFormat": false,
      "exportOnlyRecipient": false,
      "exportReturn": false,
      "exportReturnLargeFormat": false,
      "exportReturnPackageType": "package",
      "exportSignature": false,
      "priceDeliveryTypeEvening": 0,
      "priceDeliveryTypeMonday": 0,
      "priceDeliveryTypeMorning": 0,
      "priceDeliveryTypePickup": 0,
      "priceDeliveryTypeSameDay": 0,
      "priceDeliveryTypeSaturday": 0,
      "priceDeliveryTypeStandard": 0,
      "priceOnlyRecipient": 0,
      "pricePackageTypeDigitalStamp": 0,
      "pricePackageTypeMailbox": 0,
      "priceSignature": 0,
      "showDeliveryDay": true
    },
    "dhlparcelconnect": {
      "id": "dhlparcelconnect",
      "carrierName": null,
      "allowDeliveryOptions": false,
      "allowEveningDelivery": false,
      "allowMondayDelivery": false,
      "allowMorningDelivery": false,
      "allowOnlyRecipient": false,
      "allowPickupLocations": false,
      "allowSameDayDelivery": false,
      "allowSaturdayDelivery": false,
      "allowSignature": false,
      "cutoffTime": "16:00",
      "cutoffTimeSameDay": "10:00",
      "defaultPackageType": "package",
      "deliveryDaysWindow": 7,
      "deliveryOptionsEnabled": false,
      "deliveryOptionsEnabledForBackorders": false,
      "digitalStampDefaultWeight": 0,
      "dropOffDelay": 0,
      "dropOffPossibilities": {
        "dropOffDays": [
          {
            "cutoffTime": null,
            "date": null,
            "dispatch": false,
            "sameDayCutoffTime": null,
            "weekday": 1
          },
          {
            "cutoffTime": null,
            "date": null,
            "dispatch": false,
            "sameDayCutoffTime": null,
            "weekday": 2
          },
          {
            "cutoffTime": null,
            "date": null,
            "dispatch": false,
            "sameDayCutoffTime": null,
            "weekday": 3
          },
          {
            "cutoffTime": null,
            "date": null,
            "dispatch": false,
            "sameDayCutoffTime": null,
            "weekday": 4
          },
          {
            "cutoffTime": null,
            "date": null,
            "dispatch": false,
            "sameDayCutoffTime": null,
            "weekday": 5
          },
          {
            "cutoffTime": null,
            "date": null,
            "dispatch": false,
            "sameDayCutoffTime": null,
            "weekday": 6
          },
          {
            "cutoffTime": null,
            "date": null,
            "dispatch": false,
            "sameDayCutoffTime": null,
            "weekday": 0
          }
        ],
        "dropOffDaysDeviations": []
      },
      "exportAgeCheck": false,
      "exportHideSender": false,
      "exportInsurance": false,
      "exportInsuranceFromAmount": 0,
      "exportInsurancePricePercentage": 100,
      "exportInsuranceUpTo": 0,
      "exportInsuranceUpToEu": 0,
      "exportInsuranceUpToRow": 0,
      "exportInsuranceUpToUnique": 0,
      "exportLargeFormat": false,
      "exportOnlyRecipient": false,
      "exportReturn": false,
      "exportReturnLargeFormat": false,
      "exportReturnPackageType": "package",
      "exportSignature": false,
      "priceDeliveryTypeEvening": 0,
      "priceDeliveryTypeMonday": 0,
      "priceDeliveryTypeMorning": 0,
      "priceDeliveryTypePickup": 0,
      "priceDeliveryTypeSameDay": 0,
      "priceDeliveryTypeSaturday": 0,
      "priceDeliveryTypeStandard": 0,
      "priceOnlyRecipient": 0,
      "pricePackageTypeDigitalStamp": 0,
      "pricePackageTypeMailbox": 0,
      "priceSignature": 0,
      "showDeliveryDay": true
    },
    "dhleuroplus": {
      "id": "dhleuroplus",
      "carrierName": null,
      "allowDeliveryOptions": false,
      "allowEveningDelivery": false,
      "allowMondayDelivery": false,
      "allowMorningDelivery": false,
      "allowOnlyRecipient": false,
      "allowPickupLocations": false,
      "allowSameDayDelivery": false,
      "allowSaturdayDelivery": false,
      "allowSignature": false,
      "cutoffTime": "16:00",
      "cutoffTimeSameDay": "10:00",
      "defaultPackageType": "package",
      "deliveryDaysWindow": 7,
      "deliveryOptionsEnabled": false,
      "deliveryOptionsEnabledForBackorders": false,
      "digitalStampDefaultWeight": 0,
      "dropOffDelay": 0,
      "dropOffPossibilities": {
        "dropOffDays": [
          {
            "cutoffTime": null,
            "date": null,
            "dispatch": false,
            "sameDayCutoffTime": null,
            "weekday": 1
          },
          {
            "cutoffTime": null,
            "date": null,
            "dispatch": false,
            "sameDayCutoffTime": null,
            "weekday": 2
          },
          {
            "cutoffTime": null,
            "date": null,
            "dispatch": false,
            "sameDayCutoffTime": null,
            "weekday": 3
          },
          {
            "cutoffTime": null,
            "date": null,
            "dispatch": false,
            "sameDayCutoffTime": null,
            "weekday": 4
          },
          {
            "cutoffTime": null,
            "date": null,
            "dispatch": false,
            "sameDayCutoffTime": null,
            "weekday": 5
          },
          {
            "cutoffTime": null,
            "date": null,
            "dispatch": false,
            "sameDayCutoffTime": null,
            "weekday": 6
          },
          {
            "cutoffTime": null,
            "date": null,
            "dispatch": false,
            "sameDayCutoffTime": null,
            "weekday": 0
          }
        ],
        "dropOffDaysDeviations": []
      },
      "exportAgeCheck": false,
      "exportHideSender": false,
      "exportInsurance": false,
      "exportInsuranceFromAmount": 0,
      "exportInsurancePricePercentage": 100,
      "exportInsuranceUpTo": 0,
      "exportInsuranceUpToEu": 0,
      "exportInsuranceUpToRow": 0,
      "exportInsuranceUpToUnique": 0,
      "exportLargeFormat": false,
      "exportOnlyRecipient": false,
      "exportReturn": false,
      "exportReturnLargeFormat": false,
      "exportReturnPackageType": "package",
      "exportSignature": false,
      "priceDeliveryTypeEvening": 0,
      "priceDeliveryTypeMonday": 0,
      "priceDeliveryTypeMorning": 0,
      "priceDeliveryTypePickup": 0,
      "priceDeliveryTypeSameDay": 0,
      "priceDeliveryTypeSaturday": 0,
      "priceDeliveryTypeStandard": 0,
      "priceOnlyRecipient": 0,
      "pricePackageTypeDigitalStamp": 0,
      "pricePackageTypeMailbox": 0,
      "priceSignature": 0,
      "showDeliveryDay": true
    }
  }
}
