<html><body><section class="pest-delivery-options"><h2>delivery_options</h2>
<table>
<tr>
<th>carrier</th>
<td>PostNL</td>
</tr>
<tr>
<th>package_type</th>
<td>package_type_package</td>
</tr>
</table></section></body></html>
