<html>
  <body>
    <section class="pest-delivery-options">
      <h2>delivery_options</h2>
      <table>
        <tr>
          <th>carrier</th>
          <td>DHL For You</td>
        </tr>
        <tr>
          <th>package_type</th>
          <td>package_type_package</td>
        </tr>
        <tr>
          <th>delivery_moment</th>
          <td>2024-12-31 12:00:00</td>
        </tr>
      </table>
    </section>
  </body>
</html>
