email: bill@myparcel.nl
phone: '0698765432'
person: 'Bill Parcel'
address1: 'Adriaan Brouwerstraat 16'
address2: ''
cc: BE
city: Antwerpen
company: MyParcel
postalCode: '2000'
region: ''
state: ''
