email: null
phone: null
person: 'Eori Parcel'
cc: NL
city: Hoofddorp
company: MyParcel
fullStreet: 'Hoofdweg 679'
postalCode: '2131 BC'
region: NH
state: NH
streetAdditionalInfo: ''
