email: bill@myparcel.nl
phone: '0698765432'
person: 'Bill Parcel'
cc: BE
city: Antwerpen
company: MyParcel
fullStreet: 'Adriaan Brouwerstraat 16'
postalCode: '2000'
region: null
state: null
streetAdditionalInfo: ''
