email: test@test.com
phone: '0612345678'
person: 'Sirius Parcel'
cc: NL
city: Hoofddorp
company: MyParcel
fullStreet: ''
postalCode: 2132WT
region: NH
state: NH
streetAdditionalInfo: ''
