email: test@test.com
phone: '0612345678'
person: 'Felicia Parcel'
address1: 'Antareslaan 31'
address2: ''
cc: NL
city: Hoofddorp
company: MyParcel
postalCode: 2132JE
region: NH
state: NH
