email: test@test.com
phone: '0612345678'
person: 'Sirius Parcel'
cc: NL
city: Hoofddorp
company: MyParcel
fullStreet: 'Siriusdreef 66 -68'
postalCode: 2132WT
region: NH
state: NH
streetAdditionalInfo: ''
eoriNumber: null
vatNumber: null
