email: null
phone: null
person: 'Rolli Rita'
address1: 'Straßmannstraße 2'
address2: ''
cc: DE
city: Berlin
company: null
postalCode: '10249'
region: BE
state: BE
eoriNumber: null
vatNumber: null
