email: test@test.com
phone: '0612345678'
person: 'Felicia Parcel'
cc: NL
city: Hoofddorp
company: MyParcel
fullStreet: 'Antareslaan 31'
postalCode: 2132JE
region: NH
state: NH
streetAdditionalInfo: ''
