email: test@myparcel.nl
phone: '0612345678'
person: 'Eori Parcel'
address1: 'Hoofdweg 679'
address2: ''
cc: NL
city: Hoofddorp
company: MyParcel
postalCode: '2131 BC'
region: NH
state: NH
eoriNumber: NL123456789
vatNumber: NL123456789B01
